2026-08-14T06:05Z | 02:05 | OVERNIGHT | BOOT | STANDARD 1.0 0.06 | 100.00/100.00/100.00 | RECONCILE | T2X installed; UBER+SOFI pre-T2X GTC entries cancelled (0 filled); book clean | - | calls=5
2026-08-14T06:06Z | 02:06 | OVERNIGHT | BOOT | STANDARD 1.0 0.06 | 100.00/100.00/100.00 | ANALYST | B-2..B-7 done: RULES.md saved, files seeded, universe probed (8 quotes), IM_FREE, WHOLE_SHARE, EXT_HOURS_OK | - | calls=3
2026-08-14T13:50Z | 09:50 | ENTRY-AM | FLAT | STANDARD 1.0 0.06 | 100.00/100.00/100.00 | ANALYST | D-1a late plan FINAL 09:50; BOOT->FLAT; S1 OFF(late), S2 from 10:30 MUU/SOXS, S3 OFF(no carry leg); tz selftest PASS | - | calls=6
2026-08-14T14:41Z | 10:41 | MIDDAY | FLAT | STANDARD 1.0 0.06 | 100.00/100.00/100.00 | RECONCILE | 10:30 checkpoint SKIPPED (wake +590s > 170s, W-7); flat, clean; added :30 UTC-boundary one-shots for latency | - | calls=3
2026-08-14T15:01Z | 11:01 | MIDDAY | FLAT | STANDARD 1.0 0.06 | 100.00/100.00/100.00 | NOOP | S2 11:00 evaluated: no trigger (MUU 32.20 vs band 34.25, VWAP ~32.2; SOXS 40.62 vs 42.16); consolidation day so far | - | calls=3
2026-08-14T15:43Z | 11:43 | MIDDAY | FLAT | STANDARD 1.0 0.06 | 100.00/100.00/100.00 | NOOP | 11:30 SKIPPED (wake +742s); added B-4min pre-wakes for all remaining boundaries (latency -2..+12min observed) | - | calls=1
2026-08-14T16:31Z | 12:31 | MIDDAY | FLAT | STANDARD 1.0 0.06 | 100.00/100.00/100.00 | NOOP | 12:00 SKIPPED (+11m); 12:30 evaluated IN-WINDOW via in-turn bridge: no trigger both legs; SOXS strengthening (+2.3% > VWAP), MUU fading below VWAP | - | calls=2
2026-08-14T16:38Z | 12:38 | MIDDAY | FLAT | STANDARD 1.0 0.06 | 100.00/100.00/100.00 | RECONCILE | Scheduler audit: 2 stale pre-T2X triggers + 6 spent one-shots deleted; analyst cron moved 12:30->11:45 UTC (fired 2.5h late today, killed S1); crons verified healthy | - | calls=0
2026-08-14T17:01Z | 13:01 | MIDDAY | FLAT | STANDARD 1.0 0.06 | 100.00/100.00/100.00 | NOOP | 13:00 evaluated in-window (bridged): no trigger; SOXS +3.2%d above VWAP needs 42.98; MUU flat below VWAP | - | calls=1
2026-08-14T17:31Z | 13:31 | MIDDAY | FLAT | STANDARD 1.0 0.06 | 100.00/100.00/100.00 | NOOP | 13:30 evaluated in-window (bridged): no trigger; SOXS +3.5%d vs band 43.14; MUU rangebound | - | calls=1
2026-08-14T18:01Z | 14:01 | MIDDAY | FLAT | STANDARD 1.0 0.06 | 100.00/100.00/100.00 | NOOP | 14:00 evaluated in-window (bridged): no trigger; SOXS stalled 41.4-41.6; one S2 checkpoint left (14:30) | - | calls=1
2026-08-14T18:31Z | 14:31 | LATE | FLAT | STANDARD 1.0 0.06 | 100.00/100.00/100.00 | NOOP | 14:30 evaluated in-window: no trigger; S2 window closed 0/9 triggers (4 evaluated, 3 skipped-latency-provably-no, 2 pre-eligibility); day = clean NO-OP chop day | - | calls=1
2026-08-14T20:02Z | 16:02 | POST | FLAT | STANDARD 1.0 0.06 | 100.00/100.00/100.00 | EOD | Day 1 complete: 0 trades, 0.0% P/L (correct NO-OP chop day); DAY+WEEK reports written; Mon: S1 armed from open if plan on time | - | calls=2
2026-08-17T11:55Z | 07:55 | ANALYST | FLAT | STANDARD 1.0 0.06 | 100.00/100.00/100.00 | ANALYST | Session 2 plan FINAL 07:55 (cron ON TIME): S1 ARMED (MUU gap +6.1% A+/HOT), S2 all checkpoints, S3 OFF; SOX pair MUU/SOXS; Empire 08:30 T2 | - | calls=3
2026-08-17T13:36Z | 09:36 | ARM | FLAT | STANDARD 1.0 0.06 | 100.00/100.00/100.00 | ARM | S1 armed MUU (ORH 35.50 ORL 33.93 range 4.59% ref=ORL, gap +5.65% A+); SOXS not armed (range 1.96% < floor); trigger C>35.5355 @ 5-min closes 09:40-10:30 | - | calls=2
2026-08-17T14:03Z | 10:03 | ENTRY-AM | IN_POSITION | STANDARD 1.0 0.06 | 100.00/100.00/100.00 | FILL | TRADE | S1 MUU | BUY 1 @35.5899 (lim 35.65, slip -0.3bps vs last) | stop GTC 33.76 d=5.28% | risk $1.83=1.8%E | E=100.0 STANDARD f1.0 r6 | T2X-20260817-01-MUU-E / stop -02-S accepted (NATIVE GTC confirmed) | calls=5
2026-08-17T14:32Z | 10:32 | MIDDAY | IN_POSITION | STANDARD 1.0 0.06 | ~99.9/99.9/99.9 | RATCHET | 10:30 trail: stop 33.76 -> 34.14 GTC (VWAP 35.06 x 0.9736); MUU 35.46, openP/L -0.07R; time stop 12:01 if < +0.5R (36.51); invalidation count 0 | T2X-20260817-03-MUU-S | calls=6
2026-08-17T15:02Z | 11:02 | MIDDAY | IN_POSITION | STANDARD 1.0 0.06 | ~100.5/100.5/100.5 | RATCHET | 11:00 trail: stop 34.14 -> 34.34 GTC (VWAP 35.2748 x 0.9736); MUU 36.09 +0.27R, session highs; +2R at 39.25; time-stop 12:01 needs 36.51 | T2X-20260817-04-MUU-S | calls=5
2026-08-17T15:31Z | 11:31 | MIDDAY | IN_POSITION | STANDARD 1.0 0.06 | ~100.7/100.7/100.7 | RATCHET | 11:30 trail: stop 34.34 -> 34.55 GTC (VWAP 35.4892); MUU 36.31 +0.39R; time-stop check 12:01 needs >= 36.51 | T2X-20260817-05-MUU-S | calls=5
2026-08-17T16:04Z | 12:04 | MIDDAY | FLAT | STANDARD 1.0 0.06 | 100.47/100.47/100.47 | EXIT | EXIT | MUU | time-stop @36.0601 | +0.26R +$0.47 | E=100.47 HWM | no cooldown (win); MUU re-eligible for S2 (not a stop-out); entries 1/2 day | T2X-20260817-06-MUU-X | calls=6
2026-08-17T16:31Z | 12:31 | MIDDAY | FLAT | STANDARD 1.0 0.06 | 100.47/100.47/100.47 | NOOP | S2 12:30: no trigger by $0.04 (MUU 36.23 vs U 36.27); MUU consolidating +11.9%d above VWAP; next band 13:00 = 36.43 | - | calls=2
2026-08-17T17:01Z | 13:01 | MIDDAY | FLAT | STANDARD 1.0 0.06 | 100.47/100.47/100.47 | NOOP | S2 13:00: no trigger (MUU 36.27 < 36.43); tight shelf 36.2-36.3; only a fresh leg triggers #2 | - | calls=2
2026-08-17T17:31Z | 13:31 | MIDDAY | FLAT | STANDARD 1.0 0.06 | 100.47/100.47/100.47 | NOOP | S2 13:30: no trigger; MUU faded 36.2->35.5 (shelf broke down); flat is right side of the afternoon | - | calls=1
2026-08-17T18:01Z | 14:01 | MIDDAY | FLAT | STANDARD 1.0 0.06 | 100.47/100.47/100.47 | NOOP | S2 14:00: no trigger (35.53 vs 36.73); MUU drifting sideways at +9.7%d | - | calls=1
2026-08-17T18:31Z | 14:31 | LATE | FLAT | STANDARD 1.0 0.06 | 100.47/100.47/100.47 | NOOP | S2 14:30 (final): no trigger (MUU 35.52 << U 36.86); S2 window closed, 1 entry today; next boundaries 15:30 S3(OFF)/15:50 flatten(flat)/16:10 EOD | - | calls=1
2026-08-17T19:30Z | 15:30 | LATE | FLAT | STANDARD 1.0 0.06 | 100.47/100.47/100.47 | NOOP | 15:30 S3 boundary (bridged in-window): S3 OFF today; broker-verified flat, no orders; MUU faded to 35.00 | - | calls=2
2026-08-17T19:50Z | 15:50 | LATE | FLAT | STANDARD 1.0 0.06 | 100.47/100.47/100.47 | NOOP | 15:50 flatten check (bridged): positions=[], live orders=[]; nothing to flatten | - | calls=2
2026-08-17T20:10Z | 16:10 | POST | FLAT | STANDARD 1.0 0.06 | 100.47/100.47/100.47 | EOD | Session 2 done: 1 trade (S1 MUU +0.26R +$0.47), E=100.47 HWM, day +0.47%; sessions_done=2, D=9; behind glide (113.4) -> PRESS gate check at tomorrow's Analyst; DAY report written | - | calls=2
2026-08-18T11:56Z | 07:56 | ANALYST | FLAT | PRESS 1.0 0.08 | 100.47/100.47/100.47 | ANALYST | Session 3 plan FINAL 07:52 (cron ON TIME): PRESS ON (all Z-3 gates pass, behind glide 100.47<113.42); RISK-OFF gap (MUU -8.3%, SOXS +10.3%, SOXL -10.1%); S1 armed from 09:36 both legs A+/HOT, S2 all checkpoints, S3 OFF; 12 one-shots scheduled | - | calls=6
2026-08-18T13:36Z | 09:36 | ARM | FLAT | PRESS 1.0 0.08 | 100.47/100.47/100.47 | ARM | S1 armed MUU only (open 31.18 gap -10.9%, ORH 32.5531 ORL 31.12 range 4.60%, ref=ORL, trigger C>32.5857); SOXS not armed (range 2.48% < 2.77% floor), S2 from 10:00 (U 43.98); bridging S1 window in-turn | - | calls=2
2026-08-18T14:31Z | 10:31 | MIDDAY | FLAT | PRESS 1.0 0.08 | 100.47/100.47/100.47 | NOOP | S1 window closed: 11 closes evaluated in-window (bridged), 0 triggers — bounce died at 32.49 vs 32.5857 needed, MUU then broke ORL (lo 30.53); S2 10:00 SOXS 43.83<43.98 (-$0.15) and 10:30 43.93<44.43 no-trigger (peak 44.77 mid-period); SOXS bands ahead: 11:00 44.78, 11:30 45.08 | - | calls=13
2026-08-18T15:04Z | 11:04 | MIDDAY | IN_POSITION | PRESS 1.0 0.08 | 100.47/100.47/100.47 | FILL | TRADE | S2 SOXS | BUY 2 @45.45 (lim 45.45, filled 15:02:36Z after 73s) | stop GTC 42.58 d=6.31% | risk $5.74=5.71%E | E=100.47 PRESS f1.0 r8 | trigger C 45.395>U 44.784, VWAP 43.80, CL 0.976 | T2X-20260818-01-SOXS-E / stop -02-S accepted (NATIVE GTC) | calls=8
2026-08-18T15:31Z | 11:31 | MIDDAY | IN_POSITION | PRESS 1.0 0.08 | ~100.5/100.5/100.5 | RATCHET | 11:30 trail: stop 42.58 -> 42.82 GTC (min(VWAP 44.05, U 45.08) x 0.9723); SOXS 44.96 -0.17R off 45.83 hi; all 5m closes > VWAP (inval 0); time-stop 13:02 needs 46.89 | T2X-20260818-03-SOXS-S | calls=6
2026-08-18T16:01Z | 12:01 | MIDDAY | IN_POSITION | PRESS 1.0 0.08 | ~99.6/99.6/99.6 | RATCHET | 12:00 trail: stop 42.82 -> 42.89 GTC (VWAP 44.11 x 0.9723); SOXS 44.54 -0.32R, drifting off highs but all 5m closes > VWAP (inval 0); time-stop 13:02 needs 46.89 (unlikely) | T2X-20260818-04-SOXS-S | calls=5
2026-08-18T16:32Z | 12:32 | MIDDAY | IN_POSITION | PRESS 1.0 0.08 | ~99.9/99.9/99.9 | RATCHET | 12:30 trail: stop 42.89 -> 42.93 GTC (VWAP 44.16 x 0.9723); SOXS 45.15 -0.10R recovering; inval 0; time-stop 13:02 needs 46.89 — decision next checkpoint | T2X-20260818-05-SOXS-S | calls=5
2026-08-18T17:08Z | 13:08 | MIDDAY | FLAT | PRESS 1.0 0.08 | 99.09/99.09/99.09 | EXIT | EXIT | SOXS | time-stop @44.7615 (2 attempts: 44.78 unfilled 90s as bid slid, re-priced 44.63, filled w/ improvement) | -0.24R -$1.38 | E=99.09 | LOSS -> cooldown til 14:07, next entry diff setup/inverse leg only; stop ladder final 42.95; SOXS never < entry-stop, exit = time discipline | T2X-20260818-07/-08-SOXS-X | calls=12
2026-08-18T17:38Z | 13:38 | MIDDAY | FLAT | PRESS 1.0 0.08 | 99.09/99.09/99.09 | NOOP | 13:30 checkpoint: SKIP late (W-7) — moot anyway: cooldown til 14:07 blocks entry AND MUU-only eligibility w/ band 36.85 vs px ~29.6 (provably no); 14:00 same; 14:30 = last live checkpoint | - | calls=0
2026-08-18T18:00Z | 14:00 | MIDDAY | FLAT | PRESS 1.0 0.08 | 99.09/99.09/99.09 | NOOP | 14:00 checkpoint evaluated in-window: BLOCKED by cooldown (til 14:07) — no entry legal; MUU band 36.88 vs ~29.6 provably-no regardless; 14:30 last live checkpoint | - | calls=0
2026-08-18T18:30Z | 14:30 | LATE | FLAT | PRESS 1.0 0.08 | 99.09/99.09/99.09 | NOOP | S2 14:30 (final, in-window): no trigger (MUU 29.62 << U 36.88, -15.4%d); S2 window closed, 1 entry today; next 15:30 S3(OFF)/15:50 flatten(flat)/16:10 EOD | - | calls=1
2026-08-18T19:30Z | 15:30 | LATE | FLAT | PRESS 1.0 0.08 | 99.09/99.09/99.09 | NOOP | 15:30 S3 boundary (bridged in-window): S3 OFF; broker-verified flat | - | calls=1
2026-08-18T19:50Z | 15:50 | LATE | FLAT | PRESS 1.0 0.08 | 99.09/99.09/99.09 | NOOP | 15:50 flatten check (bridged): positions=[], live orders=[] | - | calls=1
2026-08-18T20:11Z | 16:11 | POST | FLAT | PRESS 1.0 0.08 | 99.09/99.09/99.09 | EOD | Session 3 done: 1 trade (S2 SOXS -0.24R -$1.38 time-stop; exit 44.76 beat close 44.17), E=99.09, day -1.37% (losing day, streak 1); sessions_done=3 D=8 g=9.18%; semis crashed (SOXL -14.9%); tomorrow FOMC-minutes special rules | - | calls=3
2026-08-19T11:56Z | 07:56 | ANALYST | FLAT | PRESS 1.0 0.08 | 99.09/99.09/99.09 | ANALYST | Session 4 plan FINAL 07:52 (cron ON TIME): FOMC-MINUTES day — S2 ends 13:30, flat-by-13:55 unless +2R, no entries 13:55-14:25, S1 PM variant 14:25-15:00; PRESS re-passes; SOXL trend flipped DOWN (129.10 < SMA20 132.59); quiet premkt (MUU -1.9%, SOXS +1.4%, no A+); 11 one-shots scheduled | - | calls=5
2026-08-19T13:36Z | 09:36 | ARM | FLAT | PRESS 1.0 0.08 | 99.09/99.09/99.09 | ARM | S1 armed BOTH legs: MUU open 31.23 gap +3.7% (A+ day), OR 31.27/30.48 range 2.53%, trigger C>31.3013; SOXS open 42.83 gap -3.1%, OR 43.63/42.486 range 2.67%, trigger C>43.6736; MUU evaluated first at shared boundaries | - | calls=2
2026-08-19T13:47Z | 09:47 | ENTRY-AM | IN_POSITION | PRESS 1.0 0.08 | 99.09/99.09/99.09 | FILL | TRADE | S1 SOXS | BUY 2 @44.7699 (lim 44.82, improvement -5bps, instant fill) | stop GTC 42.39 d=5.41% | risk $4.76=4.8%E | E=99.09 PRESS | 09:40 chase-blocked (45.585>45.296), 09:45 clean trigger; MUU disarmed (gap-up failed, -5% off open) | T2X-20260819-01-SOXS-E / stop -02-S | calls=7
2026-08-19T14:01Z | 10:01 | MIDDAY | IN_POSITION | PRESS 1.0 0.08 | ~103.2/103.2/103.2 | RATCHET | 10:00 trail: stop 42.39 -> 44.37 GTC (VWAP 45.417 x 0.9771); SOXS 46.83 +0.87R (hi 47.25); worst case now -0.17R; +2R 49.53 = FOMC hold gate; time-stop 11:46 needs 45.96 | T2X-20260819-03-SOXS-S | calls=5
2026-08-19T14:31Z | 10:31 | MIDDAY | IN_POSITION | PRESS 1.0 0.08 | ~103.8/103.8/103.8 | RATCHET | 10:30 trail: stop 44.37 -> 45.13 GTC (VWAP 46.19 x 0.9771) — stop now ABOVE entry, locks >= +0.15R; SOXS 47.11 +0.98R (hi 48.33 = +1.5R); +2R 49.53 | T2X-20260819-04-SOXS-S | calls=5
2026-08-19T15:01Z | 11:01 | MIDDAY | IN_POSITION | PRESS 1.0 0.08 | ~102.4/102.4/102.4 | RATCHET | 11:00 trail: stop 45.13 -> 45.22 GTC (VWAP 46.29 x 0.9771); SOXS 46.41 +0.69R consolidating (hi 48.33); inval count 1 (11:00 close 46.23 < VWAP 46.29); time-stop 11:46 needs 45.96 | T2X-20260819-05-SOXS-S | calls=5
2026-08-19T15:31Z | 11:31 | MIDDAY | IN_POSITION | PRESS 1.0 0.08 | ~102.2/102.2/102.2 | RATCHET | 11:30 trail: stop 45.22 -> 45.25 GTC (VWAP 46.31 x 0.9771); SOXS 46.33 +0.66R holding above VWAP (inval reset 0); time-stop check 11:46 needs >= 45.96 | T2X-20260819-06-SOXS-S | calls=5
2026-08-19T15:46Z | 11:46 | MIDDAY | IN_POSITION | PRESS 1.0 0.08 | ~102.7/102.7/102.7 | NOOP | S1-7 time-stop check at 120min: SOXS 46.56 >= 45.96 (+0.75R) -> PASS, position continues on trails; next 12:00 checkpoint; 13:55 FOMC flatten unless >= +2R (49.53) | - | calls=1
2026-08-19T16:01Z | 12:01 | MIDDAY | IN_POSITION | PRESS 1.0 0.08 | ~103.0/103.0/103.0 | RATCHET | 12:00 trail: stop 45.25 -> 45.27 GTC (VWAP 46.34 x 0.9771); SOXS 46.72 +0.82R grinding up above VWAP; 13:55 FOMC flatten unless 49.53 | T2X-20260819-07-SOXS-S | calls=5
2026-08-19T16:32Z | 12:32 | MIDDAY | FLAT | PRESS 1.0 0.08 | 102.22/102.22/102.22 | EXIT | EXIT | SOXS | invalidation @46.3349 (5 consec 5m closes < VWAP while <+1R; limit 46.31 filled instant w/ improvement) | +0.66R +$3.13 | E=102.22 NEW HWM | win: no cooldown, SOXS S2-re-eligible; stop ladder final 45.27 never touched; peaked +1.5R at 48.33 | T2X-20260819-08-SOXS-X | calls=6
2026-08-19T17:00Z | 13:00 | MIDDAY | FLAT | PRESS 1.0 0.08 | 102.22/102.22/102.22 | NOOP | S2 13:00: no trigger (SOXS 46.55 < U 46.66 by $0.11, pressing the band); final S2 checkpoint 13:30 (U 46.84); then FOMC sequence | - | calls=1
2026-08-19T17:30Z | 13:30 | MIDDAY | FLAT | PRESS 1.0 0.08 | 102.22/102.22/102.22 | NOOP | S2 13:30 (final): NO trigger — C 46.86 cleared U 46.837 but close-location 0.748 < 0.75; S2 window closed (1 entry); flat into minutes; PM variant arms 14:21 | - | calls=1
2026-08-19T18:21Z | 14:21 | LATE | FLAT | PRESS 1.0 0.08 | 102.22/102.22/102.22 | ARM | PM S1 variant (FOMC): 13:55 flat-check PASS (broker-verified); minutes reaction = semis down (MUU 28.98, SOXS 47.69 hi); armed MUU only (OR 29.52/28.7213 range 2.72%, ref=MID 29.1207, trigger C>29.5495; C>open uses 14:00 open 29.3152 per variant intent); SOXS OR 2.19% < 2.29% floor NOT armed | - | calls=2
2026-08-19T19:00Z | 15:00 | LATE | FLAT | PRESS 1.0 0.08 | 102.22/102.22/102.22 | NOOP | PM S1 variant closed: 8 closes 14:25-15:00 evaluated in-window (bridged), 0 triggers — MUU pressed the line (max C 29.48, hi 29.515 vs 29.5495) but never closed above; correct no-chase on post-FOMC chop; day done for entries | - | calls=8
2026-08-19T19:30Z | 15:30 | LATE | FLAT | PRESS 1.0 0.08 | 102.22/102.22/102.22 | NOOP | 15:30 S3 boundary (bridged): S3 OFF; broker-verified flat | - | calls=1
2026-08-19T19:50Z | 15:50 | LATE | FLAT | PRESS 1.0 0.08 | 102.22/102.22/102.22 | NOOP | 15:50 flatten check (bridged): positions=[], orders=[] | - | calls=1
2026-08-19T20:11Z | 16:11 | POST | FLAT | PRESS 1.0 0.08 | 102.22/102.22/102.22 | EOD | Session 4 done (FOMC day): 1 trade S1 SOXS +0.66R +$3.13 (survived time-stop, invalidation exit), E=102.22 NEW HWM, day +3.16%; sessions_done=4 D=7 g=10.06%; SOXL -6.6% 3rd down day; Thu: check SOXS PC-vs-SMA20 flip for first S3 eligibility | - | calls=3
2026-08-20T11:56Z | 07:56 | ANALYST | FLAT | PRESS 1.0 0.08 | 102.22/102.22/102.22 | ANALYST | Session 5 plan FINAL 07:52 (cron ON TIME): standard S1/S2 day; PRESS re-passes; S3 STILL OFF — SOXS 47.05 < SMA20 48.19 (gap $1.14, SMA falling ~1.2/day, flip likely Fri/Mon); quiet premkt (all <1.1%); both legs HOT via ATR; 11 one-shots (trimmed close-out per ops-5) | - | calls=5
2026-08-20T13:36Z | 09:36 | ARM | FLAT | PRESS 1.0 0.08 | 102.22/102.22/102.22 | ARM | S1 armed BOTH: MUU OR 30.49/29.63 (2.90%, trig 30.5205, bounce day); SOXS OR 47.45/45.999 (3.07%, trig 47.4975); U_B absolutes + vwap_acc seeded in state (ops 3+4) | - | calls=2
2026-08-20T14:02Z | 10:02 | MIDDAY | IN_POSITION | PRESS 1.0 0.08 | 102.22/102.22/102.22 | FILL | TRADE | S1 SOXS | BUY 2 @47.3699 (lim 47.66, improvement -29c, instant) | stop GTC 45.90 d=3.69% | risk $2.94=2.9%E | E=102.22 PRESS | path: 09:40 MUU bid-test refusal, 09:50/09:55 SOXS misses -7c/-6c, 10:00 clean; MUU disarmed | T2X-20260820-01-SOXS-E / stop -02-S | calls=7
2026-08-20T14:31Z | 10:31 | MIDDAY | IN_POSITION | PRESS 1.0 0.08 | ~101.2/101.2/101.2 | NOOP | 10:30: no trail (last 46.84 < VWAP 47.01); SOXS -0.36R, low 46.17 never near stop 45.90; INVAL STREAK 2/3 — 10:35 close decides; time-stop 12:01 needs 48.10 | - | calls=3
2026-08-20T14:37Z | 10:37 | MIDDAY | FLAT | PRESS 1.0 0.08 | 100.20/100.20/100.20 | EXIT | EXIT | SOXS | invalidation @46.36 (closes 46.32/46.68/46.73 < VWAP ~47.0 while -0.4R; limit at bid-0.07 filled 5s) | -0.69R -$2.02 | E=100.20 | LOSS -> cooldown til 11:37; next = diff setup or MUU; whipsaw: entry 10:00 breakout died instantly, never near stop 45.90 | T2X-20260820-03-SOXS-X | calls=6
2026-08-20T15:18Z | 11:18 | MIDDAY | FLAT | PRESS 1.0 0.08 | 100.20/100.20/100.20 | NOOP | 11:00 checkpoint (late wake): cooldown-blocked til 11:37 + provably-no (SOXS ~46.4 vs U 48.68); 11:30 same; 12:00+ re-eligible (S2 = different setup) | - | calls=0
2026-08-20T15:39Z | 11:39 | MIDDAY | FLAT | PRESS 1.0 0.08 | 100.20/100.20/100.20 | NOOP | 11:30 checkpoint: cooldown-blocked (til 11:37, now expired); 12:00+ live — SOXS U 49.08 / MUU U 31.03, both ~5% from market | - | calls=0
2026-08-20T16:14Z | 12:14 | MIDDAY | FLAT | PRESS 1.0 0.08 | 100.20/100.20/100.20 | NOOP | 12:00 SKIPPED late (+14m, W-7): bar closed 31.19 > U 31.034 — would likely have triggered MUU; wake latency cost the entry (first since day 1); NOT chased per W-7 (px already 30.95); bridging to 12:30 (U 31.147) | - | calls=2
2026-08-20T16:30Z | 12:30 | MIDDAY | FLAT | PRESS 1.0 0.08 | 100.20/100.20/100.20 | NOOP | S2 12:30 in-window: no trigger (MUU 31.09 < 31.147 by 6c, coiling); SOXS ~47 << 49.24; next 13:00 U 31.254 | - | calls=1
2026-08-20T17:10Z | 13:10 | MIDDAY | FLAT | PRESS 1.0 0.08 | 100.20/100.20/100.20 | NOOP | 13:00 SKIP late (+10m) but PROVABLY-NO (bar 31.10 < U 31.254); MUU flat-lining 31.1; 13:30 next (U 31.353) | - | calls=1
2026-08-20T18:30Z | 14:30 | LATE | FLAT | PRESS 1.0 0.08 | 100.20/100.20/100.20 | NOOP | 13:30/14:00/14:30 all evaluated in-window (bridged): no triggers (MUU 30.90/30.98/30.64 vs U 31.35/31.45/31.54 — faded from 31.19 after the missed 12:00 signal); S2 closed, day done for entries | - | calls=3
2026-08-20T19:40Z | 15:40 | LATE | FLAT | PRESS 1.0 0.08 | 100.20/100.20/100.20 | NOOP | 15:30 S3 boundary (late wake, formality): S3 OFF; broker-verified flat | - | calls=1
2026-08-20T19:50Z | 15:50 | LATE | FLAT | PRESS 1.0 0.08 | 100.20/100.20/100.20 | NOOP | 15:50 flatten check (bridged): positions=[], orders=[] | - | calls=1
2026-08-20T20:11Z | 16:11 | POST | FLAT | PRESS 1.0 0.08 | 100.20/100.20/100.20 | EOD | Session 5 done: 1 trade (S1 SOXS -0.69R inval, the day's one fakeout), day -1.98% (losing day); MUU closed +7.7% at 32.12 — real signal fired at the 12:00 late-wake gap AND post-window; sessions_done=5 D=6 g=12.19%; ops-lesson 8 added (bridge-through on late one-shots) | - | calls=3
2026-08-21T11:56Z | 07:56 | ANALYST | FLAT | PRESS 1.0 0.08 | 100.20/100.20/100.20 | ANALYST | Session 6 plan FINAL 07:52 (cron ON TIME): FRIDAY; RISK-ON gap (SOXL +4.5% premkt, MUU +2.6%, SOXS -4.4% A+ down-gap); PRESS ON; S3 OFF (SOXS $1.97 below SMA20); MUU qty 1 (60% cap), SOXS qty 2; WEEK-1 report due EOD; ops-8 live | - | calls=5
2026-08-21T13:36Z | 09:36 | ARM | FLAT | PRESS 1.0 0.08 | 100.20/100.20/100.20 | ARM | S1 armed BOTH: MUU OR 33.145/32.355 (2.39%, trig 33.178); SOXS OR 45.65/44.65 (2.24%, trig 45.696); SOXS U_B keys off PC 46.25 (down-gap), MUU off open 33.12 | - | calls=2
2026-08-21T13:41Z | 09:41 | ENTRY-AM | IN_POSITION | PRESS 1.0 0.08 | 100.20/100.20/100.20 | FILL | TRADE | S1 SOXS | BUY 2 @46.01 (at limit, instant) | stop GTC 44.48 d=3.32% | risk $3.06=3.1%E | E=100.20 PRESS | first-close trigger 09:40 (down-gap reversing, MUU risk-on gap failing 32.1); MUU disarmed | T2X-20260821-01-SOXS-E / stop -02-S | calls=7
2026-08-21T14:01Z | 10:01 | MIDDAY | IN_POSITION | PRESS 1.0 0.08 | ~101.3/101.3/101.3 | RATCHET | 10:00 trail: stop 44.48 -> 45.09 GTC (VWAP 45.85 x 0.9834); SOXS 46.57 +0.37R (hi 46.84); time-stop 11:41 needs 46.78 | T2X-20260821-03-SOXS-S | calls=6
2026-08-21T14:31Z | 10:31 | MIDDAY | IN_POSITION | PRESS 1.0 0.08 | ~103.2/103.2/103.2 | RATCHET | 10:30 trail: stop 45.09 -> 45.83 GTC (VWAP 46.61 x 0.9834); SOXS 47.49 +0.97R (hi 48.32 +1.5R); semis leg down; +2R 49.07; time-stop 11:41 needs 46.78 | T2X-20260821-04-SOXS-S | calls=6
2026-08-21T15:01Z | 11:01 | MIDDAY | IN_POSITION | PRESS 1.0 0.08 | ~104.6/104.6/104.6 | RATCHET | 11:00 trail: stop 45.83 -> 46.05 GTC (VWAP 46.84 x 0.9834) — RISK-FREE (stop > entry 46.01); SOXS 48.22 +1.44R (hi 48.46); +2R 49.07 close; time-stop 11:41 passing (needs 46.78) | T2X-20260821-05-SOXS-S | calls=6
2026-08-21T15:31Z | 11:31 | MIDDAY | IN_POSITION | PRESS 1.0 0.08 | ~103.3/103.3/103.3 | RATCHET | 11:30 trail: stop 46.05 -> 46.19 GTC (VWAP 46.98 x 0.9834), locks >= +0.12R; SOXS 47.58 +1.03R consolidating; time-stop 11:41 PASSING | T2X-20260821-06-SOXS-S | calls=6
2026-08-21T15:41Z | 11:41 | MIDDAY | IN_POSITION | PRESS 1.0 0.08 | ~102.1/102.1/102.1 | NOOP | S1-7 time-stop at 120min: SOXS 46.96 >= 46.775 (+0.62R) -> PASS by 19c; fading off 48.46 hi; stop 46.19 GTC | - | calls=1
2026-08-21T16:01Z | 12:01 | MIDDAY | IN_POSITION | PRESS 1.0 0.08 | ~102.9/102.9/102.9 | RATCHET | 12:00 trail: stop 46.19 -> 46.22 GTC (VWAP 47.01 x 0.9834); SOXS 47.37 +0.89R holding above VWAP; time-stop passed 11:41 | T2X-20260821-07-SOXS-S | calls=6
2026-08-21T16:31Z | 12:31 | MIDDAY | IN_POSITION | PRESS 1.0 0.08 | ~103.5/103.5/103.5 | RATCHET | 12:30 trail: stop 46.22 -> 46.27 GTC (VWAP 47.06 x 0.9834), locks +0.17R; SOXS 47.66 +1.08R grinding above VWAP all day | T2X-20260821-08-SOXS-S | calls=6
2026-08-21T17:01Z | 13:01 | MIDDAY | IN_POSITION | PRESS 1.0 0.08 | ~103.7/103.7/103.7 | RATCHET | 13:00 trail: stop 46.27 -> 46.29 GTC; SOXS 47.76 +1.14R, steady grind above VWAP 47.08 | T2X-20260821-09-SOXS-S | calls=6
2026-08-21T17:31Z | 13:31 | MIDDAY | IN_POSITION | PRESS 1.0 0.08 | ~103.6/103.6/103.6 | RATCHET | 13:30 trail: stop 46.29 -> 46.32 GTC; SOXS 47.69 +1.09R, 3-hour grind above VWAP intact | T2X-20260821-10-SOXS-S | calls=6
2026-08-21T18:01Z | 14:01 | MIDDAY | FLAT | PRESS 1.0 0.08 | 102.20/102.20/102.20 | EXIT | EXIT | SOXS | invalidation @47.01 (3 closes 47.099/47.110/47.091 hair-below VWAP 47.112 at +0.71R; limit filled instant) | +0.65R +$2.00 | E=102.20 | WIN: 4h15m hold, peak +1.6R, survived time-stop, 7 trail ratchets 44.48->46.32; longest+best-managed trade of campaign | T2X-20260821-11-SOXS-X | calls=6
2026-08-21T18:30Z | 14:30 | LATE | FLAT | PRESS 1.0 0.08 | 102.20/102.20/102.20 | NOOP | S2 14:30 (final, in-window): no trigger both legs; S2 closed, 1 entry (+0.65R); next 15:30/15:50/16:10 + WEEK-1 | - | calls=1
2026-08-21T19:30Z | 15:30 | LATE | FLAT | PRESS 1.0 0.08 | 102.20/102.20/102.20 | NOOP | 15:30 S3 boundary (bridged): S3 OFF; broker-verified flat | - | calls=1
2026-08-21T19:50Z | 15:50 | LATE | FLAT | PRESS 1.0 0.08 | 102.20/102.20/102.20 | NOOP | 15:50 flatten check (bridged): positions=[], orders=[] | - | calls=1
2026-08-21T20:11Z | 16:11 | POST | FLAT | PRESS 1.0 0.08 | 102.20/102.20/102.20 | EOD | Session 6 + WEEK 2 done: trade 5 S1 SOXS +0.65R (best-managed of campaign), day +2.00%, week +2.2% (3W-2L, +0.64R net, native stop never hit); sessions_done=6 D=5 g=14.37%; DAY + WEEK-2 reports written; Mon: S3 recheck (SOXS gap ~$0.9) | - | calls=3
2026-08-24T11:56Z | 07:56 | ANALYST | FLAT | PRESS 1.0 0.08 | 102.20/102.20/102.20 | ANALYST | Session 7 plan FINAL 07:52 (cron ON TIME): WEEK 3 (final); risk-off gap #3 (MUU -5.4%, SOXS +4.1% A+, SOXL -4.0%); PRESS ON; S3 OFF FINAL — carries dead (SOXS $0.97 below SMA20 + blocked nights 8/25-27 + END_DATE 8/28); intraday-only to the end; 3 one-shots + crons + ops-8 | - | calls=6
2026-08-24T13:36Z | 09:36 | ARM | FLAT | PRESS 1.0 0.08 | 102.20/102.20/102.20 | ARM | S1 armed BOTH: MUU OR 29.62/27.97 (5.58%, falling knife); SOXS OR 50.9191/49.13 (3.64%, trig 50.970 — momentum leg, +8%d and climbing) | - | calls=2
2026-08-24T13:43Z | 09:43 | ENTRY-AM | IN_POSITION | PRESS 1.0 0.08 | 102.20/102.20/102.20 | FILL | TRADE | S1 SOXS | BUY 1 @51.76 (at limit, instant) | stop GTC 49.02 d=5.28% | risk $2.74=2.7%E | E=102.20 PRESS | 09:40 first-close trigger (semis freefall, SOXS +9.4%d); qty 1 (2sh > BP at 51.76); MUU disarmed | T2X-20260824-01-SOXS-E / stop -02-S | calls=7
2026-08-24T14:05Z | 10:05 | MIDDAY | IN_POSITION | PRESS 1.0 0.08 | ~102.8/102.8/102.8 | RATCHET | 10:00 trail: stop 49.02 -> 50.69 GTC (VWAP 51.48 x 0.9847); SOXS 52.36 +0.22R (hi 52.80); trail delayed ~2min by transient classifier timeout (recovered, INV-12 order preserved) | T2X-20260824-03-SOXS-S | calls=7
2026-08-24T14:31Z | 10:31 | MIDDAY | IN_POSITION | PRESS 1.0 0.08 | ~102.7/102.7/102.7 | RATCHET | 10:30 trail: stop 50.69 -> 50.92 GTC (VWAP 51.71 x 0.9847); SOXS 52.23 +0.17R consolidating 52.0-52.8; S1 window closed (in position since 09:41) | T2X-20260824-04-SOXS-S | calls=6
2026-08-24T15:01Z | 11:01 | MIDDAY | IN_POSITION | PRESS 1.0 0.08 | ~102.7/102.7/102.7 | RATCHET | 11:00 trail: stop 50.92 -> 50.94 GTC; SOXS 52.24 +0.18R rangebound 51.6-52.8 above VWAP 51.74; time-stop 11:41 needs 53.13 — decision approaching | T2X-20260824-05-SOXS-S | calls=6
2026-08-24T15:30Z | 11:30 | MIDDAY | IN_POSITION | PRESS 1.0 0.08 | ~102.2/102.2/102.2 | NOOP | 11:30: no trail (51.77 < VWAP 51.79); SOXS faded 52.8 -> 51.8, P/L 0.0R; time-stop 11:41 needs 53.13 -> exit imminent | - | calls=2
2026-08-24T15:44Z | 11:44 | MIDDAY | FLAT | PRESS 1.0 0.08 | 101.41/101.41/101.41 | EXIT | EXIT | SOXS | time-stop @50.9701 (120min at -0.27R < +0.5R; limit 50.93 filled w/ improvement) | -0.29R -$0.79 | E=101.41 | LOSS -> cooldown til 12:43; SOXS rangebound 51.6-52.8 for 2h then rolled over at the deadline; stop ladder 49.02->50.94 never hit | T2X-20260824-06-SOXS-X | calls=6
2026-08-24T17:00Z | 13:00 | MIDDAY | FLAT | PRESS 1.0 0.08 | 101.41/101.41/101.41 | NOOP | S2 13:00 in-window: no trigger by 5c (SOXS 50.971 < 51.024); 12:00/12:30 cooldown-blocked (recorded); MUU 28.03 far; bridging 13:30/14:00/14:30 per ops-8 | - | calls=1
2026-08-24T17:30Z | 13:30 | MIDDAY | FLAT | PRESS 1.0 0.08 | 101.41/101.41/101.41 | NOOP | S2 13:30 in-window: no trigger (SOXS 50.93 < 51.152, stalling under band 2nd hour); MUU 28.17 far | - | calls=1
2026-08-24T18:00Z | 14:00 | MIDDAY | FLAT | PRESS 1.0 0.08 | 101.41/101.41/101.41 | NOOP | S2 14:00 in-window: no trigger (SOXS 51.02 < 51.27, quiet drift); 14:30 final (U 51.383) | - | calls=1
2026-08-24T18:30Z | 14:30 | LATE | FLAT | PRESS 1.0 0.08 | 101.41/101.41/101.41 | NOOP | S2 14:30 (final): no trigger (SOXS 50.02 << 51.38, faded off band; MUU 28.62 far); S2 closed, 1 entry today (-0.29R); close-out next | - | calls=1
2026-08-24T19:30Z | 15:30 | LATE | FLAT | PRESS 1.0 0.08 | 101.41/101.41/101.41 | NOOP | 15:30 S3 boundary (bridged): S3 OFF; broker-verified flat | - | calls=1
2026-08-24T19:50Z | 15:50 | LATE | FLAT | PRESS 1.0 0.08 | 101.41/101.41/101.41 | NOOP | 15:50 flatten check: positions=[], orders=[] | - | calls=1
2026-08-24T20:11Z | 16:11 | POST | FLAT | PRESS 1.0 0.08 | 101.41/101.41/101.41 | EOD | Session 7 done: 1 trade S1 SOXS -0.29R time-stop (3rd time-stop to beat the close), day -0.77% (not a Z-6 losing day); semis -7.8% 4th straight; sessions_done=7 D=4 g=18.5% (barrier out of reach, playing mechanically); DAY report written | - | calls=3
2026-08-25T11:56Z | 07:56 | ANALYST | FLAT | PRESS 1.0 0.08 | 101.41/101.41/101.41 | ANALYST | Session 8 plan FINAL 07:52 (cron ON TIME): BOUNCE day (MUU +4.7% A+ momentum leg, SOXL +6.3%, SOXS -6.5%); PRESS ON; SOXS trend flipped UP — too late (tonight+Wed+Thu blocked, Fri END_DATE); S3 OFF | - | calls=5
W-9 2026-08-25 07:53 ET | wake 51b SCHED | one-shots placed: 13:26Z trig_01Kw7DcB8t1K9UfdmMuN9chQ, 16:56Z trig_01PbAJyLKGjcbPkD7BwRhApH, 19:26Z trig_01TsGJQq8zuawGWUVPPqEchD, 19:46Z trig_01KqGu9VSu8Q9kiMsNc3vgTW | crons t2x-wake-a/b + analyst live | next action: 09:26 ET pre-arm bridge
W-9 2026-08-25 09:35 ET | wake 52 ARM | E 101.41 | MUU OR 28.81-30.10 rng 4.45% ARMED ref=ORL trig 30.1301 chase 31.0647 vwap 29.57 | SOXS OR 46.66-48.4495 rng 3.74% ARMED ref=ORL trig 48.4979 chase 49.4960 vwap 47.66 | u_abs seeded (MUU base 29.01, SOXS base 50.75) | bridge S1 window
W-9 2026-08-25 10:00 ET | wake 52 (bridge) | FLAT | S1 evals 09:40-10:00 all no-trig (MUU chop 28.99-29.27 vs trig 30.13; SOXS chop 47.2-48.0 vs trig 48.50) | S2 10:00 no (both < U_B) | vwap MUU 29.38 SOXS 47.59
W-9 2026-08-25 10:06 ET | wake 52 (bridge) | ENTRY T2X-007 | S1 SOXS 10:05 bar C 48.588 > trig 48.4979, vwap 47.70, bid 48.52 >= ORH | BUY 2 @ lim 48.62 FILLED 48.2699 (impr 0.35) | stop GTC 46.56 (d 4.231% off limit) R $3.42 | +2R 51.69, BE-stop 49.12, time-stop 12:06 | MUU disarmed (first leg wins)
W-9 2026-08-25 10:30 ET | wake 52 (bridge) | T2X-007 hold 2 SOXS @48.2699 | 10:30 trail: cancel 6a8da165 confirmed -> new stop 47.37 GTC (6a8da717) vwap 48.00 | last 49.245 +0.53R | S1 window closed: MUU disarmed, no 2nd-leg trig
W-9 2026-08-25 11:00 ET | wake 52 (bridge) | T2X-007 hold | 11:00 trail: cancel 6a8da717 confirmed -> stop 47.56 GTC (6a8dae1d) vwap 48.19 | last 48.685 +0.24R
W-9 2026-08-25 11:30 ET | wake 52 (bridge) | T2X-007 hold | 11:30 trail: cancel 6a8dae1d confirmed -> stop 47.60 GTC (6a8db523) vwap 48.23 | last 48.26 fading toward vwap; time-stop 12:06 if < 49.125
W-9 2026-08-25 12:00 ET | wake 52 (bridge) | T2X-007 hold | 12:00 trail: cancel 6a8db523 confirmed -> stop 47.62 GTC (6a8dbc30) vwap 48.25 | last 48.645 +0.22R | time-stop check 12:06 (needs >= 49.125)
W-9 2026-08-25 12:06 ET | wake 52 (bridge) | EXIT T2X-007 | time-stop 120min: +0.01R < +0.5R | cancel stop 6a8dbc30 confirmed -> SELL 2 lim 48.18 FILLED 48.2121 | pnl -$0.12 -0.03R scratch (not a Z-6 loss, no cooldown) | E 101.29 | trailed stop path 46.56->47.37->47.56->47.60->47.62 never hit
W-9 2026-08-25 12:30 ET | wake 52 (bridge) | FLAT | S2 12:30 no both legs (MUU 29.11<30.27, SOXS 48.22<52.24); MUU vwap backfilled | next 13:00
W-9 2026-08-25 13:00 ET | wake 52 (bridge) | FLAT | S2 13:00 no both legs | next 13:30
W-9 2026-08-25 13:30 ET | wake 52 (bridge) | FLAT | S2 13:30 no both legs | next 14:00
W-9 2026-08-25 14:00 ET | wake 52 (bridge) | FLAT | S2 14:00 no both legs | next 14:30 (final S2)
W-9 2026-08-25 14:30 ET | wake 52 (bridge END) | FLAT | S2 14:30 FINAL no both legs; all entry windows closed | day: 1 entry T2X-007 scratch -0.03R, E 101.29 | next: 15:26 one-shot -> EOD reports
W-9 2026-08-25 16:10 ET | wake 53 EOD | Z-11 clean (0 pos, 0 open) | E 101.29 day -0.11% | T2X-007 scratch -0.03R | closes: MUU 29.27 +4.9%, SOXS 48.45 -4.5%, SOXL 115.86 +4.2% | sessions_done 8, D=3, g 25.5% | DAY-20260825.md written | next Analyst Wed 07:45
W-9 2026-08-26 07:52 ET | wake 54 ANALYST FINAL | E 101.29 Z-11 clean | MUU PC 29.26 UP ATR 12.05 premkt -1.3%; SOXS PC 48.42 UP ATR 9.01 premkt +1.0%; SOXL DOWN | PRESS re-passed (101.29<165.50, sum8R +0.32) | pre-NVDA coil; S3 OFF (blocked night, NVDA pm verified); event shot NOT armed | plan-20260826.md FINAL
W-9 2026-08-26 07:56 ET | wake 54b SCHED | one-shots: 13:26Z trig_019Do85vgR1ae4Dx11GVRPXE, 16:56Z trig_01CJ3Cixndc1q83DkeKoJeEw, 19:26Z trig_01Wy2LEh5AsaiWt5WQCXZYxQ, 19:46Z trig_01HtchUyeQJ4hr3sZTSFVeQe | next: 09:26 pre-arm bridge
W-9 2026-08-26 09:35 ET | wake 55 ARM | MUU OR 28.72-29.565 rng 2.93% ARMED ref=ORL trig 29.5946 chase 30.4556 | SOXS OR 48.12-48.9903 rng 1.78% ARMED ref=ORL trig 49.0393 chase 50.0938 | u_abs seeded (MUU base 29.26, SOXS base 48.95) | bridge S1 window
W-9 2026-08-26 10:00 ET | wake 55 (bridge) | FLAT | S1 09:40-10:00 all no-trig (MUU tapping 29.5s under trig 29.5946 repeatedly; SOXS 48.1-48.6 under 49.04) | S2 10:00 no | pre-NVDA coil as forecast
W-9 2026-08-26 10:16 ET | wake 55 (bridge) | ENTRY T2X-008 | S1 SOXS 10:15 bar C 49.045 > trig 49.0393 (marginal but mechanical), vwap 48.51, bid 49.04 | BUY 2 lim 49.14 FILLED 49.14 | stop GTC 47.81 (d 2.703% floor 0.30atr) R $2.66 | +2R 51.80, BE-stop 49.805, time-stop 12:16 | MUU disarmed
W-9 2026-08-26 10:30 ET | wake 55 (bridge) | T2X-008 hold 2 SOXS @49.14 | 10:30 trail: cancel 6a8ef529 confirmed -> stop 48.08 GTC (6a8ef88e) vwap 48.74 | last 49.615 +0.36R | day hi 49.89
W-9 2026-08-26 11:00 ET | wake 55 (bridge) | T2X-008 hold | 11:00 trail: cancel 6a8ef88e confirmed -> stop 48.14 GTC (6a8eff96) vwap 48.81 | last 48.875 -0.20R | invalid reset 0 after 1
W-9 2026-08-26 11:41 ET | wake 55 (bridge) | EXIT T2X-008 | S1-7 invalidation (3 closes < vwap 11:30/35/40, -0.50R < +1R) | cancel stop 6a8eff96 confirmed -> SELL 2 lim 48.39 FILLED 48.4515 | pnl -$1.38 -0.52R LOSS #1 -> cooldown until 12:41, next diff setup/inverse leg | E 99.91 | stop path 47.81->48.08->48.14 never hit
W-9 2026-08-26 12:00 ET | wake 55 (bridge) | FLAT (cooldown) | S2 12:00 no both legs (MUU 29.68<30.35, SOXS 48.70<50.32)
W-9 2026-08-26 12:30 ET | wake 55 (bridge) | FLAT | S2 12:30 no both legs
W-9 2026-08-26 13:00 ET | wake 55 (bridge) | FLAT | S2 13:00 no both legs
W-9 2026-08-26 13:30 ET | wake 55 (bridge) | FLAT | S2 13:30 no both legs (MUU 29.79 grinding up but < 30.64)
W-9 2026-08-26 14:00 ET | wake 55 (bridge) | FLAT | S2 14:00 no both legs | next 14:30 (final)
W-9 2026-08-26 14:30 ET | wake 55 (bridge END) | FLAT | S2 14:30 FINAL no; all entry windows closed | day: T2X-008 -0.52R, E 99.91 | next: 15:26 EOD wake; NVDA tonight
W-9 2026-08-26 16:10 ET | wake 56 EOD | Z-11 clean | E 99.91 day -1.36% | T2X-008 -0.52R (invalidation; exit beat close) | closes MUU 29.48 +0.75%, SOXS 48.12 -0.62%, NVDA 209.95 -1.5% pre-print | sessions_done 9, D=2, g 41.5%, losing_days_streak 1 | DAY-20260826.md written | next Analyst Thu 07:45 (NVDA-reaction variant)
W-9 2026-08-27 07:52 ET | wake 57 ANALYST FINAL | E 99.91 Z-11 clean | NVDA BEAT +5.8% premkt | MUU PC 29.49 UP ATR 10.99 premkt +8.1% A+; SOXS PC 48.09 UP ATR 8.38 premkt -6.7%; SOXL DOWN | PRESS ON (99.91<176.26, sum8R -0.20); no Z-2 cap (streak 1) | NVDA-REACTION VARIANT: OR 09:30-10:00, trig 10:05-11:30, chase 0.35atr | plan-20260827.md FINAL
W-9 2026-08-27 07:56 ET | wake 57b SCHED | one-shots: 13:26Z trig_01WsALhyGcUn9L6avHJo1bAy, 16:56Z trig_01BAykjCoErJ1HK3dJJUaAhp, 19:26Z trig_019urUoKgAYePZKfUAfvkQgM, 19:46Z trig_01NMb1BiCM2C1uBHN2Tn8N7d | next: 09:26 pre-arm (variant OR watch)
W-9 2026-08-27 10:01 ET | wake 58 ARM (variant) | MUU OR 28.415-31.515 rng 9.86% WIDE ref=MID 29.965 trig 31.5465 (dead: last 28.84, gap-fade -8% off open) | SOXS OR 44.71-47.71 rng 6.62% WIDE ref=MID 46.21 trig 47.7577 chase 49.11 (live: last 47.20) | S2 10:00 no | trigger window 10:05-11:30
W-9 2026-08-27 10:30 ET | wake 58 (bridge) | FLAT | variant evals 10:05-10:30 all no-trig (MUU 28.7-29.3 vs dead trig 31.55; SOXS 45.7-46.7 vs trig 47.76 fading) | S2 10:00/10:30 no | both legs below vwap - gap-fade chop
W-9 2026-08-27 11:30 ET | wake 58 (bridge) | S1 VARIANT WINDOW CLOSED — NO TRADE (correct: gap-fade day, MUU faded -8% off open, SOXS never reclaimed 47.76 after 10:00) | S2 11:30 no | continuing :00/:30 S2 evals to 14:30
W-9 2026-08-27 12:00 ET | wake 58 (bridge) | FLAT | S2 12:00 no both legs
W-9 2026-08-27 12:30 ET | wake 58 (bridge) | FLAT | S2 12:30 no both legs (MUU new low 27.96 -5.2% day)
W-9 2026-08-27 13:00 ET | wake 58 (bridge) | FLAT | S2 13:00 no both legs
W-9 2026-08-27 13:30 ET | wake 58 (bridge; worker restart absorbed 13:27) | FLAT | S2 13:30 no both legs
W-9 2026-08-27 14:00 ET | wake 58 (bridge; 2nd worker restart absorbed 13:47) | FLAT | S2 14:00 no both legs | next 14:30 final
W-9 2026-08-27 14:30 ET | wake 58 (bridge END) | FLAT | S2 14:30 FINAL no; all windows closed | day: NO TRADE (0 entries, E unchanged 99.91) | semis faded all day (MUU -5.5%, SOXS +2.3% off lows) | next: 15:26 EOD wake
W-9 2026-08-27 16:09 ET | wake 59 EOD | Z-11 clean (0 orders all day) | E 99.91 flat | NO-TRADE day (variant filtered gap-fade; SOXL whipsaw +5.6% close, both legs red — no-trade optimal) | closes MUU 29.01 -1.6%, SOXS 45.35 -5.7%, SOXL 123.17 +5.6% | sessions_done 10, D=1, TOMORROW END_DATE | DAY-20260827.md written
W-9 2026-08-28 07:52 ET | wake 60 ANALYST FINAL — END_DATE | E 99.91 Z-11 clean | risk-off into JH: MUU -3.25%, SOXS +3.15% A+, SOXL -2.9% | PRESS ON (99.91<187.71) | JH variant: OR 10:00-10:30, trig 10:35-12:00, nothing before 10:00, entries end 13:50 | END sequence staged: 15:50 CLOSING(EXPIRED) -> FINAL_REPORT | plan-20260828.md FINAL
W-9 2026-08-28 07:56 ET | wake 60b SCHED | END_DATE one-shots: 13:56Z trig_01RLoA9SqPVh8jAZZrM33XeK, 16:56Z trig_01DPJ3PCzxg8qraCASqLudgX, 19:26Z trig_01C6XduFHrj5ppD5sTnN6Q9Q, 19:56Z trig_01NjxfXv6mNyA93twirC4zP5 | next: 09:56 pre-OR wake
W-9 2026-08-28 10:31 ET | wake 61 ARM (JH variant) | dovish reaction: MUU rallied 28.74->29.98 in OR | MUU OR 28.74-29.98 rng 4.25% ARMED ref=ORL trig 30.01 chase 30.82 (LIVE, last 29.958) | SOXS OR 46.3691-47.859 rng 3.18% ARMED ref=ORL trig 47.9069 (2.4% away) | vwap MUU 29.09 SOXS 46.90 | window 10:35-12:00
W-9 2026-08-28 10:36 ET | wake 61 (bridge) | ENTRY T2X-009 (FINAL TRADE) | JH variant MUU 10:35 bar C 30.010 > trig 30.00998 (by 0.001%), vwap 29.11, bid 30.05 | BUY 1 lim 30.12 FILLED 29.9199 (impr 0.20) | stop GTC 28.67 (d 4.782%) R $1.25 | +2R 32.42, BE-stop 30.545, time-stop 12:36, HARD FLATTEN 15:50 | SOXS disarmed
W-9 2026-08-28 11:00 ET | wake 61 (bridge) | T2X-009 hold 1 MUU @29.9199 | 11:00 trail: cancel 6a919ce4 confirmed -> stop 28.72 GTC (6a91a29c) vwap 29.22 | last 29.695 -0.18R | S2 11:00: no re-entry legs (in position)
W-9 2026-08-28 11:30 ET | wake 61 (bridge) | T2X-009 hold | 11:30 trail: cancel 6a91a29c confirmed -> stop 28.76 GTC (6a91a99f) vwap 29.25 | last 29.57 -0.28R | time-stop 12:36 if < 30.545
W-9 2026-08-28 11:56 ET | wake 61 (bridge) | EXIT T2X-009 | NATIVE STOP FILLED 11:50:35 @ 28.7622 (trigger 28.76, slip +0.002 favorable) — first stop fill in 9 trades | pnl -$1.16 -0.93R LOSS | JH pop faded post-speech | E 98.75 | cooldown 12:51; MUU stopped-symbol; entries end 13:50
W-9 2026-08-28 12:00 ET | wake 61 (bridge) | FLAT (cooldown) | semis rout: SOXS 49.58 +9.3% ABOVE U_B 47.80 but entry blocked by cooldown 12:51 + chase cap fail (C >> vwap*1.0219) | MUU 28.42 no | mechanically correct no-entry
W-9 2026-08-28 12:30 ET | wake 61 (bridge) | FLAT (cooldown to 12:51) | S2 12:30: SOXS above U but beyond chase; MUU no
W-9 2026-08-28 13:00 ET | wake 61 (bridge) | FLAT | S2 13:00: SOXS 49.535 > U 48.02 but blocked by chase cap (vwap*1.0219 ~ 48.9) — extended 9%+ breakout, mechanically untouchable; MUU no
W-9 2026-08-28 13:30 ET | wake 61 (bridge) | FLAT | S2 13:30 FINAL-eligible: SOXS still beyond chase (49.72 > ~49.4 cap); MUU no | entries end 13:50 -> no more entries this campaign | remaining: eval-only 14:00/14:30, then 15:50 EXPIRED
W-9 2026-08-28 15:50 ET | wake 62 CLOSING(EXPIRED) -> DONE | Z-11 verified: 0 pos, 0 orders, $98.75 cash | FINAL_REPORT.md + WEEK-3.md + DAY-20260828.md written | campaign: 11 sessions, 9 trades, -1.13R, E 100.00->98.75 (-1.25%), HWM 102.22, kill never approached | routines to be deleted next
W-9 2026-08-28 15:53 ET | wake 62 | SCHEDULER RETIRED: deleted t2x-analyst (trig_01P28PZ...), t2x-wake-a (trig_01Ljev...), t2x-wake-b (trig_01Afp...) | remaining: 15:56 one-shot fires once then self-disables | campaign fully closed
W-9 2026-09-09 10:45 ET | T3X INSTALL (wake 1) | human: rethink strategy, never retire campaign/scheduler | scheduler rebuilt: analyst + wake-a + wake-b + exit-0926 + entry-1548 (5 crons) | 62-night study: leveraged longs earn overnight/lose intraday; NVDL ovn-only +41% maxDD -17% | RULES_v3.md written (T3X Overnight Engine); T2X archived | E 98.75 | first entry tonight 15:52: NVDL 1 + MUU 1
W-9 2026-09-09 | human: "Diversified is fine, go for it" -> T3X basket NVDL 1 + MUU 1 confirmed; first entry 15:52 ET today
W-9 2026-09-09 11:12 ET | T3X wake 1b RANK | human: take risks, go for it | formal 30-night rank: NVDL #1 (+0.47, win 73%), AMZU #4 (+0.21, win 63%) = 2nd distinct affordable -> basket NVDL 1 + AMZU 1 ($72.90, 74%); MUU #10 dropped (worst -13.3%); cheap sleeve (METU/NFXL) ineligible -> $26 cash | exposure capped by whole-share prices, not risk appetite
W-9 2026-09-09 15:52 ET | T3X wake 2 ENTRY (night 1) | in-turn bridge from 15:07 (jitter-proofing) | BUY NVDL 1 lim 35.55 FILLED 35.479; BUY AMZU 1 lim 35.44 FILLED 35.3999 | cost 70.88 (72% E), cash 27.87 | both names down intraday today (NVDL -1.9%, AMZU -3.6%) = favourable after-down setup | exit 09:31 Thu
W-9 2026-09-09 16:02 ET | T3X wake 3 EOD | marks NVDL 35.535 AMZU 35.42 -> E 98.80 (+0.05) | DAY-20260909.md | next: 09:26 exit wake
W-9 2026-09-10 07:46 ET | T3X wake 4 ANALYST | positions verified NVDL 1 / AMZU 1 | premkt NVDL 35.17 (-0.9% vs entry) AMZU 35.54 (+0.4%) -> basket ~-0.3%, E 98.58 marked | no blackouts today | EXIT 09:31, re-entry 15:52 (Thu, same basket)
W-9 2026-09-10 09:32 ET | T3X wake 5 EXIT (night 1) | on-time wake, sold 09:31:32-35 | NVDL 34.55 (-2.62%), AMZU 34.67 (-2.06%) | night P&L -$1.66 (-1.68% E) | E 97.09 all cash | loss within sample range; no rule change | next: 15:48 entry (Thu night)
W-9 2026-09-10 15:52 ET | T3X wake 6 ENTRY (night 2) | in-turn bridge from 15:07 | BUY NVDL 1 lim 34.01 FILLED 33.9399; BUY AMZU 1 lim 35.20 FILLED 35.1339 | cost 69.07 (71% E), cash 28.02 | both down intraday (NVDL -4.4%, AMZU -0.8%) | exit 09:31 Fri
W-9 2026-09-10 16:02 ET | T3X wake 7 EOD | marks NVDL 33.88 AMZU 35.26 -> E 97.15 | DAY-20260910.md | next: 07:45 Analyst Fri, 09:26 exit
W-9 2026-09-11 07:46 ET | T3X wake 8 ANALYST | positions verified NVDL 1 / AMZU 1 | premkt NVDL 34.32 (+1.1% vs entry) AMZU 35.65 (+1.5%) -> basket ~+1.3%, E 97.99 marked; SPY +0.6% premkt | no blackouts | EXIT 09:31
W-9 2026-09-11 09:32 ET | T3X wake 9 EXIT (night 2) | on-time wake, sold 09:31:23-26 | NVDL 34.3901 (+1.33%), AMZU 35.9895 (+2.44%) | night P&L +$1.31 (+1.35% E) | E 98.40 all cash | campaign 2 nights: -1.66 / +1.31 | next: 15:48 entry (Fri night -> Mon open)
W-9 2026-09-11 15:52 ET | T3X wake 10 ENTRY (night 3, weekend) | BUY NVDL 1 lim 33.97 FILLED 33.9283; BUY AMZU 1 lim 36.73 FILLED 36.6499 | cost 70.58 (72% E), cash 27.82 | NVDL flat day, AMZU +4% day | exit 09:31 Mon
W-9 2026-09-11 16:03 ET | T3X wake 11 EOD (day 3) | marks NVDL 33.80 / AMZU 36.58 -> E 98.25 (night 3 -0.20 open) | DAY-20260911 + WEEK-T3X-1 written | next: Mon 07:45 ANALYST re-rank, 09:26 exit wake
W-9 2026-09-14 07:52 ET | T3X wake 12 ANALYST (weekly re-rank, 15 names) | NVDL #1 0.47 -> hold; METU #3 (2x META) replaces AMZU (#8) as 2nd leg; basket plan NVDL 2 + METU 1 (~92% E) | premkt gap: NVDL 32.23 / AMZU 35.97 -> night 3 marked -2.38, E 96.02 | container rebuilt over weekend: branch fast-forwarded 13 commits | next: 09:26 exit wake
W-9 2026-09-14 09:33 ET | T3X wake 13 EXIT (night 3, weekend) | on-time wake; AMZU sold 09:31:22 @ 35.0399 (lim 34.94); NVDL lim 31.40 unfilled 60s (bid fell 31.45->31.13 in the window), cancelled, re-priced bid-0.3% -> 31.10, filled 09:32:40 @ 31.2101 | night P&L -4.33 (-4.40% E) | E 94.07 all cash, 0 positions, 0 open orders | campaign 3 nights: -1.66 / +1.31 / -4.33 | next: 15:48 entry (NVDL 2 + METU 1)
W-9 2026-09-14 15:52 ET | T3X wake 14 ENTRY (night 4) | bridged in-turn from 15:07 backstop (entry cron also expected 15:48) | BUY NVDL 2 lim 31.80 FILLED 31.7399; BUY METU 1 lim 26.68 FILLED 26.63 | cost 90.11 (96% E), cash 3.96 | NVDL -6% day (after-down cohort), METU +6% day | exit 09:31 Tue
W-9 2026-09-14 16:02 ET | T3X wake 15 EOD (day 4) | marks NVDL 31.52 / METU 26.47 -> E 93.42 (night 4 -0.60 open) | DAY-20260914 written | 0 open orders | next: 09:26 exit wake Tue
W-9 2026-09-15 07:46 ET | T3X wake 16 ANALYST (daily sanity) | repo in sync (1907a9e) | premkt NVDL 31.905 (+0.17 vs entry), METU 26.15 (-0.48) -> night 4 marked -0.15, E 93.92 | NVDA +0.6% / META -0.5% premkt; FOMC starts today, decision Wed 14:00 | ranking unchanged (weekly re-rank was 9/14) | plan: 09:26 exit -> 09:31 sell 2 NVDL + 1 METU; 15:48 re-enter
W-9 2026-09-15 09:32 ET | T3X wake 17 EXIT (night 4) | on-time wake; sold 09:31:21-23 both at/above limit: NVDL 2 @ 32.07 (lim 32.06, +1.04%), METU 26.2501 (lim 26.20, -1.43%) | night P&L +0.28 (+0.30% E) | E 94.35 all cash, 0 positions, 0 open orders | campaign 4 nights: -1.66 / +1.31 / -4.33 / +0.28 | next: 15:48 entry
W-9 2026-09-15 15:52 ET | T3X wake 18 ENTRY (night 5) | bridged in-turn from 15:07 backstop | BUY NVDL 2 lim 31.89 FILLED 31.8299; BUY METU 1 lim 26.96 FILLED 26.9199 | cost 90.58 (96% E), cash 3.77 | NVDL +0.9% day, METU +1.8% day (neutral cohort) | exit 09:31 Wed; FOMC 14:00 Wed is intraday
W-9 2026-09-15 16:02 ET | T3X wake 19 EOD (day 5) | marks NVDL 31.88 / METU 26.85 -> E 94.27 (night 5 +0.03 open) | DAY-20260915 written | 0 open orders | next: 09:26 exit wake Wed (FOMC day)
W-9 2026-09-16 07:46 ET | T3X wake 20 ANALYST (daily sanity, FOMC day) | repo in sync (a5e628e) | premkt NVDL 32.28 (+0.45 x2 vs entry), METU 27.18 (+0.26) -> night 5 marked +1.16, E 95.51 | NVDA +0.6% / META +0.7% / QQQ +0.6% premkt | ranking unchanged | plan: 09:26 exit -> 09:31 sell; flat through 14:00 FOMC; 15:48 re-enter per §3 sizing on post-FOMC prices
W-9 2026-09-16 09:32 ET | T3X wake 21 EXIT (night 5) | on-time wake; sold 09:31:22-25 both above limit: NVDL 2 @ 32.2701 (lim 32.25, +1.38%), METU 27.5501 (lim 27.55, +2.34%) | night P&L +1.51 (+1.60% E) | E 95.86 all cash, 0 positions, 0 open orders | campaign 5 nights: -1.66 / +1.31 / -4.33 / +0.28 / +1.51 = -2.89 | next: 15:48 entry (post-FOMC)
W-9 2026-09-16 12:56 ET | ALWAYS-ON loop hour 1: scans 12:11/12:20/12:29/12:38/12:47/12:56 all flat, E 95.86, 0 orders | NVDL +3.7% day, METU +1.6%, QQQ +0.8% | FOMC 14:00 next
W-9 2026-09-16 13:50 ET | ALWAYS-ON loop hour 2: scans 13:05/13:14/13:23/13:32/13:41/13:50 all flat, E 95.86, 0 orders | NVDL drifting 33.05 -> 32.71 into FOMC (+2.6% day), QQQ +0.65% | next scan 14:05 post-decision
W-9 2026-09-16 14:50 ET | ALWAYS-ON loop hour 3: scans 14:05/14:14/14:23/14:32/14:41/14:50 all flat, E 95.86, 0 orders | FOMC reaction calm: QQQ +0.9% -> +0.5%, SPY faded to flat; NVDL 33.03 -> 32.67, METU 27.40 -> 27.71 | next: 15:52 entry NVDL 2 + METU 1
W-9 2026-09-16 15:52 ET | T3X wake 22 ENTRY (night 6) | in-turn via ALWAYS-ON loop (23 scans since 12:11) | BUY NVDL 2 lim 32.44 FILLED 32.3699; BUY METU 1 lim 27.40 FILLED 27.331 | cost 92.07 (96% E), cash 3.79 | post-FOMC fade: NVDL +1.6% day, METU +1.8%, QQQ -0.25%, SPY -0.7% | exit 09:31 Thu
W-9 2026-09-16 16:02 ET | T3X wake 23 EOD (day 6) | marks NVDL 32.40 / METU 27.09 -> E 95.66 (night 6 -0.18 open) | DAY-20260916 written | ALWAYS-ON day 1: 24 scans 12:11-15:43, 0 gaps | 0 open orders | next: 07:45 analyst Thu, 09:26 exit
W-9 2026-09-16 16:20 ET | T3X v1.2 DAY LEG designed after human: 'iterate on your tactics, just make money' | data: inverse ETFs earn intraday (TZA +0.35%/day 64s, score 0.25 #1; NVDQ 0.24; SOXS 0.12) | PDT hard cap 3 day trades / rolling 5 bdays (count 0 now) | crypto rejected: RH spread 1.9% | starts Thu 9/17 09:32: buy TZA ~2 sh after exit, sell 15:49 | hard rules kept: account 8334 only, no transfers
W-9 2026-09-16 16:35 ET | research: NVDL overnight split post +0.77 / 24h +0.20 / pre +0.23 (25 nights) -> full hold confirmed; post-only hold = PAUSE-mode option | tradability: NVDL/METU/NVDQ all_day OK, TZA/SOXS not | no further changes; day leg live tomorrow
W-9 2026-09-17 07:47 ET | T3X wake 24 ANALYST (daily sanity) | repo in sync | premkt NVDL 33.27 (+0.90 x2), METU 27.57 (+0.24) -> night 6 marked +2.04, E 97.90 | NVDA +1.3% / QQQ +1.1% / IWM +0.9% premkt; TZA 43.74 (-2.6%) | day-leg: TZA allowed (0 day trades in prior 4 bd) | plan: 09:31 exit -> 09:32 buy TZA ~2 sh -> loop -> 15:49 sell TZA -> 15:52 NVDL 2 + METU 1
W-9 2026-09-17 09:32 ET | T3X wake 25 EXIT (night 6) | on-time; sold 09:31:23-26 above limit: NVDL 2 @ 33.7001 (+4.1%), METU 27.47 (+0.5%) | night P&L +2.80 (+2.92% E) | E 98.66 all cash = new HWM | day leg #1: buying TZA 2 sh
W-9 2026-09-17 09:32 ET | DAY LEG #1 BUY TZA 2 lim 43.23 FILLED 43.1699 (cost 86.34, 88% E), cash 12.32 | day-trade count now 1 of 3 (window 9/11-9/17) | sell 15:49 | loop until then
W-9 2026-09-17 10:25 ET | ALWAYS-ON loop hour 1: scans 09:40/09:49/09:58/10:07/10:16/10:25 | day leg TZA 2 @ 43.17 marked 43.36-43.62 (+0.4..+0.9) | E 99.04-99.56 | IWM +1.1% QQQ +1.6% | 0 orders
W-9 2026-09-17 11:18 ET | ALWAYS-ON loop hour 2: scans 10:33..11:18 | day leg TZA 2 @ 43.17 marked 43.25-43.52 (+0.2..+0.7) | E 98.8-99.4 | IWM +1.1% QQQ +1.5% | 0 orders
W-9 2026-09-17 12:11 ET | ALWAYS-ON loop hour 3: scans 11:26..12:11 | day leg TZA 2 @ 43.17 marked 43.30-43.54 (+0.3..+0.7) | E 98.9-99.4 | IWM +1.1% QQQ +1.7% | 0 orders
W-9 2026-09-17 13:04 ET | ALWAYS-ON loop hour 4: scans 12:19..13:04 | day leg TZA 2 @ 43.17 marked 43.35-43.54 (+0.4..+0.7) | E 99.0-99.4 | IWM +1.0% QQQ +1.7% | 0 orders
W-9 2026-09-17 13:57 ET | ALWAYS-ON loop hour 5: scans 13:12..13:57 | day leg TZA 2 @ 43.17 marked 43.59-43.71 (+0.85..+1.08) | E 99.5-99.7 | IWM +0.9% QQQ +1.7% | 0 orders | next: sell TZA 15:49, buy NVDL 2 + METU 1 at 15:52
W-9 2026-09-17 14:50 ET | ALWAYS-ON loop hour 6: scans 14:05..14:50 | day leg TZA 2 @ 43.17 marked 43.65-43.87 (+1.0..+1.4) | E crossed 100 at 14:41 (100.06), 100.01 now | IWM +0.8% QQQ +1.65% | 0 orders | next: sell TZA 15:49, buy NVDL 2 + METU 1 at 15:52
W-9 2026-09-17 15:49 ET | DAY LEG #1 SELL TZA 2 lim 44.00 FILLED 44.0717 (09:32 43.1699 -> +0.90/sh) | P&L +1.80 (+1.83% E) | E 100.46 all cash | 0 orders | next: 15:52 entry NVDL 2 + METU 1
W-9 2026-09-17 15:52 ET | T3X wake 28 ENTRY (night 7) | in-turn via loop (33 scans) | BUY NVDL 2 lim 34.26 FILLED 34.1989; BUY METU 1 lim 27.73 FILLED 27.6765 | cost 96.07 (96% E), cash 4.38 | NVDL +5.6% day, METU +2.3% (neutral cohort) | exit 09:31 Fri
W-9 2026-09-17 16:02 ET | T3X wake 29 EOD (day 7) | marks NVDL 34.05 / METU 27.81 -> E 99.94 (night 7 -0.16 open) | day: night 6 +2.80, day leg +1.80 = +4.60 realised | HWM 100.46 | DAY-20260917 written | 0 open orders | next: 07:45 analyst Fri, 09:26 exit, day leg #2
W-9 2026-09-18 07:47 ET | T3X wake 30 ANALYST (daily sanity, Friday) | repo in sync (0e0e277) | premkt NVDL 34.20 (flat vs entry), METU 28.54 (+0.86) -> night 7 marked +0.87, E 101.32 | NVDA +0.2% / META +1.4% / QQQ +0.3% / IWM -0.2% premkt; TZA 44.50 | day leg #2 allowed (1 day trade in prior 4 bd) | plan: 09:31 exit -> 09:32 TZA -> loop -> 15:49 sell -> 15:52 entry -> EOD + WEEK-T3X-2
W-9 2026-09-18 09:33 ET | T3X wake 31 EXIT (night 7) | on-time; NVDL 2 sold 09:31:23 @ 33.6901 (lim 33.63, -1.5%); METU lim 28.29 unfilled 60s (bid 28.34->27.91 in 1 min), cancelled, re-priced bid-0.3% 27.84, filled 09:32:50 @ 27.8901 (+0.8%) | night P&L -0.81 (-0.81% E) | E 99.65 all cash | day leg #2: buying TZA 2
W-9 2026-09-18 09:33 ET | DAY LEG #2 BUY TZA 2 lim 44.80 FILLED 44.7899 (cost 89.58, 90% E), cash 10.07 | day-trade count 2 of 3 (9/17, 9/18); Mon allowed, Tue/Wed blocked | sell 15:49 | loop
W-9 2026-09-18 10:27 ET | ALWAYS-ON loop hour 1: scans 09:42..10:27 | day leg #2 TZA 2 @ 44.79 marked 45.07-45.44 (+0.6..+1.3) | E 100.2-100.9 | IWM -0.8% QQQ flat | 0 orders
W-9 2026-09-18 11:20 ET | ALWAYS-ON loop hour 2: scans 10:35..11:20 | day leg #2 TZA 2 @ 44.79 marked 45.21-45.42 (+0.8..+1.3) | E 100.5-100.9 | IWM -0.85% QQQ flat | 0 orders
W-9 2026-09-18 12:13 ET | ALWAYS-ON loop hour 3: scans 11:28..12:13 | day leg #2 TZA 2 @ 44.79 marked 45.26-45.50 (+0.9..+1.4) | E 100.6-101.1 | IWM -0.95% QQQ flat | 0 orders
W-9 2026-09-18 13:06 ET | ALWAYS-ON loop hour 4: scans 12:21..13:06 | day leg #2 TZA 2 @ 44.79 marked 45.29-45.50 (+1.0..+1.4) | E 100.6-101.1 | IWM -0.8% QQQ flat | 0 orders
W-9 2026-09-18 13:59 ET | ALWAYS-ON loop hour 5: scans 13:14..13:59 | day leg #2 TZA 2 @ 44.79 marked 45.17-45.34 (+0.75..+1.1), fading from the 11:55 high 45.50 | E 100.4-100.8 | IWM -0.7% QQQ +0.1% | 0 orders
W-9 2026-09-18 14:52 ET | ALWAYS-ON loop hour 6: scans 14:07..14:52 | day leg #2 TZA 2 @ 44.79 marked 45.14-45.21 (+0.7..+0.85) | E 100.35-100.5 | IWM -0.7% QQQ +0.3% | 0 orders | next: sell TZA 15:49, buy NVDL 2 + METU 1 at 15:52, EOD + WEEK-T3X-2
W-9 2026-09-18 15:52 ET | day leg #2 TZA sold 2 @ 44.9617 (lim 44.88, filled 15:49:16) = +0.34 | night 8 entry: NVDL 2 @ 34.179 (lim 34.25) + METU 1 @ 26.31 (lim 26.33), 94.66 = 94.7% E | E 99.96 cash 5.32 | 2 orders + 1 sell | next: EOD marks 16:01, DAY-20260918 + WEEK-T3X-2
W-9 2026-09-18 16:02 ET | EOD: E 101.44 (NVDL 34.86, METU 26.40) new HWM, PAUSE 81.15 | week 2 +3.19 | DAY-20260918 + WEEK-T3X-2 written | next: Mon 9/21 07:45 analyst re-rank, 09:26 exit wake, day leg #3 allowed
W-9 2026-09-21 07:47 ET | ANALYST: repo in sync (24eadc7) | positions match broker (NVDL 2, METU 1) | pre-mkt NVDL 35.48 METU 27.74 -> night 8 marked +4.0, E ~104.0 | RE-RANK ovn (30n): NVDL .34 METU .32 NVDX .29 SOXL .13 TSMX .13 TECL .13 MUU .12 -> picks unchanged NVDL 2 + METU 1 | RE-RANK day (30d intraday): TZA .42 SPXS .26 NVDQ .21 SOXS .19 -> TZA | PDT: 2 used (9/17, 9/18), Mon = 3rd OK | earnings: MU 9/30 pm confirmed (MUU blackout), nothing else in universe through 10/2 | next: 09:26 exit wake
W-9 2026-09-21 09:33 ET | EXIT night 8: NVDL 2 @ 34.91 (lim 34.69) +1.46, METU 1 @ 28.42 (lim 28.29) +2.11 = +3.57 | E 103.56 new HWM, PAUSE 82.85 | DAY LEG #3: TZA 2 @ 44.29 (lim 44.29; sat 23s on the book, no re-price) | PDT: 3 used (9/17, 9/18, 9/21) -> Tue/Wed blocked, Thu re-opens | 3 orders 3 fills | next: loop scans, sell TZA 15:49, entry 15:52
W-9 2026-09-21 10:27 ET | ALWAYS-ON loop hour 1: scans 09:42..10:27 | day leg #3 TZA 2 @ 44.29 marked 44.02-44.32 (-0.54..+0.06) | E 103.0-103.6 | IWM +0.6% QQQ +1.8% | 0 orders
W-9 2026-09-21 11:21 ET | ALWAYS-ON loop hour 2: scans 10:36..11:21 | day leg #3 TZA 2 @ 44.29 marked 43.98-44.19 (-0.62..-0.20) | E 102.9-103.4 | IWM +0.65% QQQ +2.0% | 0 orders
W-9 2026-09-21 12:15 ET | ALWAYS-ON loop hour 3: scans 11:30..12:15 | day leg #3 TZA 2 @ 44.29 marked 43.98-44.04 (-0.62..-0.50), flat since 11:00 | E 102.9-103.1 | IWM +0.65% QQQ +2.3% | 0 orders
W-9 2026-09-21 13:00 ET | ALWAYS-ON loop hour 4: scans 12:24..13:00 | day leg #3 TZA 2 @ 44.29 marked 43.94-44.14 (-0.70..-0.31) | E 102.9-103.3 | IWM +0.55% QQQ +2.4% | 0 orders
W-9 2026-09-21 13:54 ET | ALWAYS-ON loop hour 5: scans 13:09..13:54 | day leg #3 TZA 2 @ 44.29 marked 44.11-44.23 (-0.36..-0.12) | E 103.2-103.4 | IWM +0.5% QQQ +2.5% | 0 orders
W-9 2026-09-21 14:48 ET | ALWAYS-ON loop hour 6: scans 14:03..14:48 | day leg #3 TZA 2 @ 44.29 marked 43.86-44.16 (-0.87..-0.27), drifting lower as IWM +0.75% | E 102.7-103.3 | QQQ +2.7% | 0 orders | next: sell TZA 15:49, buy NVDL 2 + METU 1 at 15:52, EOD
W-9 2026-09-21 15:55 ET | day leg #3 TZA sold 2 @ 43.9601 (lim 43.87) = -0.66 (day leg 2W-1L, +1.48) | NIGHT 9 entry: NVDL 1 @ 36.47 (lim 36.60), METU 1 @ 32.98 (lim 32.98, filled 15:53:57 after running to 33.14), NVDX 1 @ 20.5799 (lim 20.64) = 90.03 = 87.5% E | sizing v1.2 applied: 2nd NVDL (36.60) would have breached 0.98E after NVDL +4.8% / METU +25% intraday -> NVDX partial unit; RULES_v3 §3 updated | E 102.90 cash 12.87 | 4 orders 4 fills | next: EOD 16:01, Tue 09:26 exit, no day leg Tue/Wed
W-9 2026-09-21 16:02 ET | EOD: E 102.42 (NVDL 36.51 METU 32.46 NVDX 20.58) day +0.98 | night 9 marked -0.48 | DAY-20260921 written | next: Tue 07:45 analyst sanity, 09:26 exit wake, NO day leg Tue/Wed (PDT 3/3), entry 15:52
W-9 2026-09-22 07:46 ET | ANALYST sanity: repo in sync (60847ed) | positions match broker (NVDL 1, METU 1, NVDX 1) | pre-mkt NVDL 36.36 METU 31.77 NVDX 20.495 -> night 9 marked -1.40, E ~101.5 | ranking unchanged (Mon re-rank) | day leg: BLOCKED today + Wed (PDT 3/3) | blackouts: none today | next: 09:26 exit wake
W-9 2026-09-22 09:32 ET | EXIT night 9: NVDL 1 @ 36.7801 (lim 36.63) +0.31, METU 1 @ 32.1827 (lim 32.14) -0.80, NVDX 1 @ 20.7801 (lim 20.64) +0.20 = -0.29 | E 102.61 | 3 orders 3 fills | closed nights 9: net -1.19; excl night 3 +3.14 | no day leg today (PDT) | next: loop scans, entry 15:52
W-9 2026-09-22 10:23 ET | ALWAYS-ON loop hour 1: scans 09:42..10:23 | FLAT (no day leg, PDT) | E 102.61 | NVDL 36.4-37.0 METU 32.6-33.3 NVDX 20.5-20.8 | IWM +0.7..1.1% QQQ +0.4..0.6% | 0 orders
W-9 2026-09-22 11:19 ET | ALWAYS-ON loop hour 2: scans 10:31..11:19 | FLAT (no day leg, PDT) | E 102.61 | NVDL 36.6-36.9 METU 32.7-33.0 NVDX 20.65-20.8 | IWM +0.2..0.5% QQQ +0.4..0.6% | 0 orders
W-9 2026-09-22 12:15 ET | ALWAYS-ON loop hour 3: scans 11:27..12:15 | FLAT (no day leg, PDT) | E 102.61 | NVDL 36.8-36.95 METU 32.8-33.3 NVDX 20.75-20.82 | IWM +0.25..0.4% QQQ +0.4..0.5% | 0 orders
W-9 2026-09-22 13:11 ET | ALWAYS-ON loop hour 4: scans 12:23..13:11 | FLAT (no day leg, PDT) | E 102.61 | NVDL 36.9-37.3 (+2.2% on day) METU 32.3-33.15 NVDX 20.8-21.0 | IWM +0.35..0.5% QQQ +0.4..0.5% | 0 orders
W-9 2026-09-22 14:07 ET | ALWAYS-ON loop hour 5: scans 13:19..14:07 | FLAT (no day leg, PDT) | E 102.61 | NVDL 36.98-37.26 METU 32.17-32.61 NVDX 20.84-21.0 | IWM +0.4..0.85% QQQ +0.5..0.6% | 0 orders | next: entry 15:52 (NVDL/METU/NVDX sized under 0.98E), EOD 16:01
W-9 2026-09-22 15:03 ET | ALWAYS-ON loop hour 6: scans 14:15..15:03 | FLAT (no day leg, PDT) | E 102.61 | NVDL 37.08-37.18 METU 32.03-32.49 NVDX 20.9-20.96 | IWM +0.6..0.8% QQQ +0.6..0.7% | 0 orders | next: entry 15:52, EOD 16:01
W-9 2026-09-22 15:52 ET | NIGHT 10 entry: NVDL 1 @ 37.2099 (lim 37.25), METU 1 @ 32.1399 (lim 32.20), NVDX 1 @ 20.9783 (lim 21.01) = 90.33 = 88% E; all filled <0.2s | sizing v1.2 again (NVDL x2 + METU = 106.6 > cap 100.56) | E 102.60 cash 12.28 | 3 orders 3 fills | next: EOD 16:01, Wed 07:45 sanity, 09:26 exit, no day leg Wed
W-9 2026-09-22 16:02 ET | EOD: E 101.95 (NVDL 36.98 METU 31.85 NVDX 20.835) day -0.47 | night 10 marked -0.66 | DAY-20260922 written | next: Wed 07:45 sanity, 09:26 exit wake, no day leg Wed (PDT), entry 15:52
W-9 2026-09-23 07:46 ET | ANALYST sanity: repo in sync (39e1ea5) | positions match broker (NVDL 1, METU 1, NVDX 1) | pre-mkt NVDL 36.625 METU 32.025 NVDX 20.635 -> night 10 marked -1.03, E ~101.5 | day leg BLOCKED today (PDT 3 in prior 4 bdays); Thu allowed | blackouts: none | next: 09:26 exit wake
W-9 2026-09-23 09:32 ET | EXIT night 10: NVDL 1 @ 36.7409 (lim 36.74) -0.47, METU 1 @ 32.59 (lim 32.59, filled 1.4s) +0.45, NVDX 1 @ 20.71 (lim 20.71) -0.27 = -0.29 | E 102.32 | 3 orders 3 fills | closed nights 10: net -1.77; excl night 3 +2.56 | no day leg today (PDT) | next: loop, entry 15:52
W-9 2026-09-23 10:27 ET | ALWAYS-ON loop hour 1: scans 09:39..10:27 | FLAT (no day leg, PDT) | E 102.32 | NVDL 36.8->35.9 (-2.9%) METU 32.5-33.8 NVDX 20.75->20.24 | IWM -1.3% QQQ -1.2% | 0 orders
W-9 2026-09-23 11:23 ET | ALWAYS-ON loop hour 2: scans 10:35..11:23 | FLAT (no day leg, PDT) | E 102.32 | NVDL 35.9-36.1 METU 32.7-33.4 NVDX 20.24-20.33 | IWM -1.2..-1.6% QQQ -0.7..-1.1% | 0 orders
W-9 2026-09-23 12:19 ET | ALWAYS-ON loop hour 3: scans 11:31..12:19 | FLAT (no day leg, PDT) | E 102.32 | NVDL 35.6-35.9 (-3.6% on day) METU 33.3-33.6 NVDX 20.07-20.24 | IWM -1.3..-1.5% QQQ -0.8..-0.95% | 0 orders
W-9 2026-09-23 13:15 ET | ALWAYS-ON loop hour 4: scans 12:27..13:15 | FLAT (no day leg, PDT) | E 102.32 | NVDL 35.4-35.6 (-3.9% on day) METU 33.1-33.7 NVDX 19.98-20.07 | IWM -1.5..-1.8% QQQ -0.9..-1.2% | 0 orders
W-9 2026-09-23 14:11 ET | ALWAYS-ON loop hour 5: scans 13:23..14:11 | FLAT (no day leg, PDT) | E 102.32 | NVDL 35.5-35.8 (-3.2% on day) METU 32.6-33.2 NVDX 20.03-20.2 | IWM -1.5..-1.8% QQQ -0.9..-1.1% | 0 orders | next: entry 15:52 (sized under 0.98E), EOD 16:01
W-9 2026-09-23 14:59 ET | ALWAYS-ON loop hour 6: scans 14:19..14:59 | FLAT (no day leg, PDT) | E 102.32 | NVDL 35.8-35.9 (-3.0% on day) METU 32.85-33.05 NVDX 20.19-20.22 | IWM -1.6..-1.75% QQQ -0.85..-0.9% | 0 orders | next: entry 15:52, EOD 16:01
